// Jest Snapshot v1, https://goo.gl/fbAQLP

exports[`App should render correctly without exercise cards  1`] = `
"<div className=\\"app\\">
  <Header filterExercises={[Function (anonymous)]} setGender={[Function (anonymous)]} gender=\\"female\\" />
  <CardColumns />
</div>"
`;
